// Jest Snapshot v1, https://goo.gl/fbAQLP

exports[`Closed CreateOperationModal 1`] = `null`;

exports[`Opened CreateOperationModal 1`] = `null`;
